---
source: compiler-core/src/go/tests/bools.rs
expression: "pub fn negate(x) {\n    x && todo\n}"
snapshot_kind: text
---
----- SOURCE CODE
pub fn negate(x) {
    x && todo
}

----- COMPILED GO
package mod_P

import (
  gleam_P "example.com/todo/gleam"
)

const _ = gleam_P.Use_Import
const Use_Import byte = 0

func Negate(x gleam_P.Bool_t) gleam_P.Bool_t {
  return x && (func() gleam_P.Bool_t {
    panic(gleam_P.MakeError(
      "todo",
      "my/mod",
      2,
      "negate",
      "`todo` expression evaluated. This code has not yet been implemented.",
      map[string]any{},
    ))
  })()
}
