---
source: compiler-core/src/go/tests/bools.rs
expression: "\nfn go(a) {\n  case a {\n    True -> 1\n    False -> 0\n  }\n}\n"
snapshot_kind: text
---
----- SOURCE CODE

fn go(a) {
  case a {
    True -> 1
    False -> 0
  }
}


----- COMPILED GO
package mod_P

import (
  gleam_P "example.com/todo/gleam"
)

const _ = gleam_P.Use_Import
const Use_Import byte = 0

func goʹ(a gleam_P.Bool_t) gleam_P.Int_t {
  if a {
    return 1
  } else {
    return 0
  }
}
