---
source: compiler-core/src/go/tests/modules.rs
expression: "\nimport rocket_ship\npub const variable = rocket_ship.func\n"
snapshot_kind: text
---
----- SOURCE CODE

import rocket_ship
pub const variable = rocket_ship.func


----- COMPILED GO
package mod_P

import (
  gleam_P "example.com/todo/gleam"
  rocket_ship_P "example.com/todo/thepackage/rocket_ship"
)

const _ = gleam_P.Use_Import
const _ = rocket_ship_P.Use_Import
const Use_Import byte = 0

var Variable gleam_P.Int_t = rocket_ship_P.Func
