---
source: compiler-core/src/go/tests/blocks.rs
expression: "\nfn go() {\n  let x = {\n    1\n    2\n  }\n  x\n}\n"
snapshot_kind: text
---
----- SOURCE CODE

fn go() {
  let x = {
    1
    2
  }
  x
}


----- COMPILED GO
package mod_P

import (
  gleam_P "example.com/todo/gleam"
)

const _ = gleam_P.Use_Import
const Use_Import byte = 0

func goʹ() gleam_P.Int_t {
  var x gleam_P.Int_t = (func() gleam_P.Int_t {
    _ = 1
    return 2
  })()
  _ = x
  return x
}
