---
source: compiler-core/src/go/tests/bit_arrays.rs
expression: "\nfn go(x, y) {\n  <<x:size(y)>>\n}\n"
snapshot_kind: text
---
----- SOURCE CODE

fn go(x, y) {
  <<x:size(y)>>
}


----- COMPILED GO
package mod_P

import (
  gleam_P "example.com/todo/gleam"
)

const _ = gleam_P.Use_Import
const Use_Import byte = 0

func goʹ(x gleam_P.Int_t, y gleam_P.Int_t) gleam_P.BitArray_t {
  return gleam_P.ToBitArray(gleam_P.SizedInt(x, y, true))
}
