---
source: compiler-core/src/go/tests/strings.rs
expression: "\npub fn go(x) {\n  case x {\n    \"Hello, \" <> name -> name\n    _ -> \"Unknown\"\n  }\n}\n"
snapshot_kind: text
---
----- SOURCE CODE

pub fn go(x) {
  case x {
    "Hello, " <> name -> name
    _ -> "Unknown"
  }
}


----- COMPILED GO
package mod_P

import (
  gleam_P "example.com/todo/gleam"
  "strings"
)

const _ = gleam_P.Use_Import
const Use_Import byte = 0

func Go(x gleam_P.String_t) gleam_P.String_t {
  if gleam_P.Bool_t(strings.HasPrefix(string(x), "Hello, ")) {
    var name gleam_P.String_t = x[7:]
    _ = name
    return name
  } else {
    return "Unknown"
  }
}
