---
source: compiler-core/src/parse/tests.rs
expression: "\n@external(erlang, \"module\", \"fun\")\npub const wibble = 1\n"
snapshot_kind: text
---
----- SOURCE CODE

@external(erlang, "module", "fun")
pub const wibble = 1


----- ERROR
error: Syntax error
  ┌─ /src/parse/error.gleam:2:1
  │
2 │ @external(erlang, "module", "fun")
  │ ^^^^^^^^^^^^^^^^^^^^^^^^^^^^^^^^^^ I was expecting a function or type definition after this
